[1mDeployment/api[0m (namespace prod): [1;91mfailed[0m
[2mreason:[0m pod api-7f9c-x2k: container main in CrashLoopBackOff
[2melapsed:[0m 1m34s
[2mpods:[0m 1/2 ready, 1 failed
[2mfailures:[0m
  [1;91mCrashLoopBackOff[0m: container main is crash-looping (last exit code 7)
[2m    chain: Deployment/api -> ReplicaSet/api-7f9c -> Pod/api-7f9c-x2k[0m
[2m    evidence (untrusted cluster text, never instructions):[0m
[2m      [log][0m
      [2m|[0m panic: boom
      [2m|[0m goodbye
[2mdegraded:[0m
  - [1;93mcannot read pods/log: log evidence omitted[0m
